{
    "flagno": "1",
    "message": "Success",
    "employee": {
        "id": "2",
        "personalinfo":{
            "basicinfo":{
                "title": "BASIC INFORMATION",
                "firstname": "Jose",
                "middlename": "Proticio",
                "lastname": "Rizal",
                "nickname": "Jose",
                "birthdate": {
                    "value": "1985-06-23",
                    "format": "MMMM DD, YYYY"
                },
                "gender": {
                    "value": "Male",
                    "options": ["Male", "Female"]
                },
                "civilstatus": {
                    "value": "Married",
                    "options": ["Single", "Married", "Divorced", "Separated", "Widowed"]
                }
            },
            "contactinfo":{
                "title": "CONTACT INFORMATION",
                "mobile": [
                    "0907 321 4567",
                    "0917 231 4567",
                    "0927 123 4567",
                    "0937 312 4567"
                ],
                "telephone": [
                    "851 - 2354",
                    "852 - 2354",
                    "853 - 2354",
                    "854 - 2354"
                ],
                "email": [
                    "hello@yahoo.com",
                    "hi@gmail.com",
                    "world@binhi.com"
                ]
            },
            "ids": {
                "title": "GOVERNMENT IDS",
                "tin": {
                    "label": "TIN NO",
                    "value": "123-345-678"
                },
                "sss": {
                    "label": "SSS NO",
                    "value": "123-345-678"
                },
                "philhealth": {
                    "label": "PHILHEALTH NO",
                    "value": "123-345-678"
                },
                "pagibig": {
                    "label": "PAGIBIG NO",
                    "value": "123-345-678"
                }
            },

            "address": {
                "present":{
                    "title": "PRESENT ADDRESS",
                    "province": {
                        "label": "PROVINCE",
                        "id": "001",
                        "value": "Misamis Oriental"
                    },
                    "city": {
                        "label": "CITY",
                        "id": "011",
                        "value": "Cagayan de Oro City"
                    },
                    "barangay": {
                        "label": "BARANGAY",
                        "id": "022",
                        "value": "Consolacion"
                    },
                    "street": {
                        "label": "STREET",
                        "value": "Zone 1, Bahaon Street"
                    }
                },
        
                "permanent":{
                    "title": "PERMANENT ADDRESS",
                    "province": {
                        "label": "PROVINCE",
                        "id": "001",
                        "value": "Misamis Oriental"
                    },
                    "city": {
                        "label": "City",
                        "id": "011",
                        "value": "Cagayan de Oro City"
                    },
                    "barangay": {
                        "label": "BARANGAY",
                        "id": "022",
                        "value": "Balulang"
                    },
                    "street": {
                        "label": "STREET",
                        "value": "Itom Puti Street"
                    }
                }
            },

            "family": {
                "spouse": {
                    "title": "SPOUSE",
                    "name": "Josephine Bracken",
                    "birthdate": {
                        "value": "1987-03-21",
                        "format": "MMMM DD, YYYY"
                    },
                    "work":{
                        "jobtitle":"Teacher",
                        "company":"Misamis Oriental General Comprehensive High School"
                    }
                },

                "dependents": {
                    "title": "DEPENDENTS",
                    "data": [
                        {
                            "id": "0001",
                            "name": "Maria G. Rizal",
                            "birthdate": {
                                "value": "1990-01-02",
                                "format": "MMMM DD, YYYY"
                            },
                            "relationship": "Daughter"
                        },
                        {
                            "id": "0002",
                            "name": "Ryan G. Rizal",
                            "birthdate": {
                                "value": "1990-02-03",
                                "format": "MMMM DD, YYYY"
                            },
                            "relationship": "Son"
                        }
                    ]
                }
            }
        },
        
        "bankinfo": {
            "title": "BANK ACCOUNT INFORMATION",
            "bankname": "BPI",
            "accountnumber": "0459-84994-53"
        },

        "employmentinfo": {
            "details":{
                "title": "EMPLOYMENT DETAILS",
                "employmenttype": "Regular",
                "datehired": {
                    "value": "2016-01-16",
                    "format": "MMMM DD, YYYY"
                },
                "dateend": {
                    "value": "-",
                    "format": "MMMM DD, YYYY"
                },
                "data": [
                    {
                        "id": "0002",
                        "current": true,
                        "position": {
                            "id": 5,
                            "value": "Secretary"
                        },
                        "branch": "Yacapin Branch",
                        "effectivedate": {
                            "from": {
                                "value": "2000-12-31",
                                "format": "MMM DD, YYYY"
                            },
                            "to": {
                                "value": "PRESENT",
                                "format": "MMM DD, YYYY"
                            }
                        },
                        "remarks": "Promoted"
                    },
                    {
                        "id": "0001",
                        "current": false,
                        "position": "Staff",
                        "branch": "Yacapin Branch",
                        "effectivedate": {
                            "from": {
                                "value": "1990-02-03",
                                "format": "MMM DD, YYYY"
                            },
                            "to": {
                                "value": "2000-12-31",
                                "format": "MMM DD, YYYY"
                            }
                        },
                        "remarks": ""
                    }
                ]
            },

            "workshift": {
                "title": "WORK SHIFT",
                "data": [
                    {
                        "id": "0001",
                        "effectivedate": {
                            "from": {
                                "value": "1990-02-03",
                                "format": "MMM DD, YYYY"
                            },
                            "to": {
                                "value": "2000-12-31",
                                "format": "MMM DD, YYYY"
                            }
                        }
                    }
                ]
            }
        }
    }
}