{
    "flagno":1,
	"message":"Success",
	"data":[
		{
			"key":1,
			"name":"Jovan, Oilixua",
			"position":"IT Programmer",
			"branch":"Yacapin Branch"
		},
		{
			"key":2,
			"name":"Rizal, Jose Protacio",
			"position":"Manager",
			"branch":"Yacapin Branch"
		}
	]
}