{  
    "payrollperiod":[  
        {  
            "id":"090909",
            "label":"20180301: Feb 26 2018 - Mar 10 2018"
        },
        {  
            "id":"080808",
            "label":"20180202: Feb 11 2018 - Feb 25 2018"
        },
        {  
            "id":"070707",
            "label":"20180201: Jan 26 2018 - Feb 10 2018"
        },
        {  
            "id":"060606",
            "label":"20180102: Jan 11 2018 - Jan 25 2018"
        },
        {  
            "id":"050505",
            "label":"20180101: Dec 26 2017 - Jan 10 2018"
        },
        {  
            "id":"040404",
            "label":"20171202: Dec 11 2017 - Dec 25 2017 "
        },
        {  
            "id":"030303",
            "label":"20171201: Nov 26 2017 - Dec 10 2017"
        }
    ],
    
    "currentperiod":{  
        "id":"010101",
        "period":{
            "label":"PERIOD: Feb 26 to Mar 10, 2018",
            "from": "2018-02-26",
            "to": "2018-03-10"
        },
        "payroll":{
            "label":"PAYROLL DATE: Mar 15, 2018",
            "date": "2018-03-15"
        },
        "description":"CURRENT PERIOD",
        "data": [
            {
                "date": "2018-02-26",
                "timein":{
                    "value":"07:45:24 AM",
                    "remarks": "System Recorded",
                    "marking": "nodispute"
                },
                "timeout":{
                    "value":"05:30:09 PM",
                    "remarks":"Manually Modified",
                    "marking": "nodispute"
                },
                "rulesvalidation":[
                    {
                        "label":"REMARKS",
                        "value":"Absent",
                        "remarks":"System Generated",
                        "marking": "nodispute"
                    },
                    {
                        "label":"OVERTIME",
                        "value":"1 Hour",
                        "remarks":"System Computed",
                        "marking": "nodispute"
                    },
                    {
                        "label":"UNDERTIME",
                        "value":"1 Hour",
                        "remarks":"System Computed",
                        "marking": "nodispute"
                    },
                    {
                        "label":"TARDINESS",
                        "value":"20 mins",
                        "remarks":"System Computed",
                        "marking": "nodispute"
                    }
                ]
            },
            
            {
                "date": "2018-02-27",
                "timein":{
                    "value":"07:45:24 AM",
                    "remarks": "System Recorded",
                    "marking": "nodispute"
                },
                "timeout":{
                    "value":"05:30:09 PM",
                    "remarks":"Manually Modified",
                    "marking": "nodispute"
                },
                "rulesvalidation":[]
            },

            {
                "date": "2018-02-28",
                "timein":{
                    "value":"07:45:24 AM",
                    "remarks": "System Recorded",
                    "marking": "nodispute"
                },
                "timeout":{
                    "value":"05:30:09 PM",
                    "remarks":"Manually Modified",
                    "marking": "nodispute"
                },
                "rulesvalidation":[]
            },

            {
                "date": "2018-03-01",
                "timein":{
                    "value":"07:45:24 AM",
                    "remarks": "System Recorded",
                    "marking": "nodispute"
                },
                "timeout":{
                    "value":"05:30:09 PM",
                    "remarks":"Manually Modified",
                    "marking": "nodispute"
                },
                "rulesvalidation":[]
            },

            {
                "date": "2018-03-02",
                "timein":{
                    "value":"07:45:24 AM",
                    "remarks": "System Recorded",
                    "marking": "nodispute"
                },
                "timeout":{
                    "value":"05:30:09 PM",
                    "remarks":"Manually Modified",
                    "marking": "nodispute"
                },
                "rulesvalidation":[]
            },

            {
                "date": "2018-03-03",
                "timein":{
                    "value":"07:45:24 AM",
                    "remarks": "System Recorded",
                    "marking": "nodispute"
                },
                "timeout":{
                    "value":"05:30:09 PM",
                    "remarks":"Manually Modified",
                    "marking": "nodispute"
                },
                "rulesvalidation":[]
            },
            
            {
                "date": "2018-03-04",
                "timein":{
                    "value":"07:45:24 AM",
                    "remarks": "System Recorded",
                    "marking": "nodispute"
                },
                "timeout":{
                    "value":"05:30:09 PM",
                    "remarks":"Manually Modified",
                    "marking": "nodispute"
                },
                "rulesvalidation":[]
            },
            {
                "date": "2018-03-05",
                "timein":{
                    "value":"07:45:24 AM",
                    "remarks": "System Recorded",
                    "marking": "nodispute"
                },
                "timeout":{
                    "value":"05:30:09 PM",
                    "remarks":"Manually Modified",
                    "marking": "nodispute"
                },
                "rulesvalidation":[]
            },
            {
                "date": "2018-03-06",
                "timein":{
                    "value":"07:45:24 AM",
                    "remarks": "System Recorded",
                    "marking": "nodispute"
                },
                "timeout":{
                    "value":"05:30:09 PM",
                    "remarks":"Manually Modified",
                    "marking": "nodispute"
                },
                "rulesvalidation":[]
            },
            {
                "date": "2018-03-07",
                "timein":{
                    "value":"07:45:24 AM",
                    "remarks": "System Recorded",
                    "marking": "nodispute"
                },
                "timeout":{
                    "value":"05:30:09 PM",
                    "remarks":"Manually Modified",
                    "marking": "nodispute"
                },
                "rulesvalidation":[]
            },
            {
                "date": "2018-03-08",
                "timein":{
                    "value":"07:45:24 AM",
                    "remarks": "System Recorded",
                    "marking": "nodispute"
                },
                "timeout":{
                    "value":"05:30:09 PM",
                    "remarks":"Manually Modified",
                    "marking": "nodispute"
                },
                "rulesvalidation":[]
            },
            {
                "date": "2018-03-09",
                "timein":{
                    "value":"07:45:24 AM",
                    "remarks": "System Recorded",
                    "marking": "nodispute"
                },
                "timeout":{
                    "value":"05:30:09 PM",
                    "remarks":"Manually Modified",
                    "marking": "nodispute"
                },
                "rulesvalidation":[]
            },
            {
                "date": "2018-03-10",
                "timein":{
                    "value":"07:45:24 AM",
                    "remarks": "System Recorded",
                    "marking": "nodispute"
                },
                "timeout":{
                    "value":"05:30:09 PM",
                    "remarks":"Manually Modified",
                    "marking": "nodispute"
                },
                "rulesvalidation":[]
            }
        ]
    },

    "markingrules": {
        "nodispute": "green",
        "dispute": "red",
        "modifieddispute": "blue"
    },
    "labels":{  
        "timein":"TIME-IN",
        "timeout":"TIME-OUT"
    },
    
    "datedisplayformat":"MM/DD/YYYY"
 }