{
    "dtr": {
        "payrollperiods" : [
            {
                "id": "010101",
                "from": "2018-02-26",
                "to": "2018-03-10"
            },
            {
                "id": "020202",
                "from": "2018-02-11",
                "to": "2018-02-25"
            }
        ],
        "currentperiod": {
            "id": "010101",
            "markings": {
                "2018-02-26": { "dots": ["nodispute", "nodispute"] },
                "2018-02-27": { "dots": ["nodispute", "nodispute"] },
                "2018-02-28": { "dots": ["nodispute", "nodispute"] },
                "2018-03-01": { "dots": ["dispute", "modifieddispute"] },
                "2018-03-02": { "dots": ["dispute", "nodispute"] },
                "2018-03-03": { "dots": ["nodispute", "nodispute"] },
                "2018-03-04": { "dots": ["nodispute", "modifieddispute"] },
                "2018-03-05": { "dots": ["nodispute", "nodispute"] },
                "2018-03-06": { "dots": ["dispute", "nodispute"] },
                "2018-03-07": { "dots": ["modifieddispute", "nodispute"] },
                "2018-03-08": { "dots": ["dispute", "nodispute"] },
                "2018-03-09": { "dots": ["nodispute", "nodispute"] },
                "2018-03-10": { "dots": ["nodispute", "nodispute"] }
            },
            "details": {
                "2018-02-26": [
                    {"data":{
                        "timein": {"value": "07:45:24 AM", "remarks": "System Recorded"},
                        "timeout": {"value": "05:30:09 PM", "remarks": "Manually Modified"},
                        "rulesvalidation": [
                            {"label": "REMARKS", "color": "red", "value": "ABSENT"},
                            {"label": "OVERTIME", "color": "red", "value": "1 Hour", "remarks": "System Computed"},
                            {"label": "UNDERTIME", "color": "red", "value": "1 Hour", "remarks": "System Computed"},
                            {"label": "LATE", "color": "red", "value": "20 mins", "remarks": "System Computed"}
                        ]
                    }}],
                "2018-02-27": [
                    {"data":{
                        "timein": {"value": "07:45:24 AM", "remarks": "System Recorded"},
                        "timeout": {"value": "05:30:09 PM", "remarks": "Manually Modified"},
                        "rulesvalidation": []
                    }}],
                "2018-02-28": [
                    {"data":{
                        "timein": {"value": "07:45:24 AM", "remarks": "System Recorded"},
                        "timeout": {"value": "05:30:09 PM", "remarks": "Manually Modified"},
                        "rulesvalidation": []
                    }}],
                "2018-03-01": [
                    {"data":{
                        "timein": {"value": "07:45:24 AM", "remarks": "System Recorded"},
                        "timeout": {"value": "05:30:09 PM", "remarks": "Manually Modified"},
                        "rulesvalidation": []
                    }}],
                "2018-03-02": [
                    {"data":{
                        "timein": {"value": "07:45:24 AM", "remarks": "System Recorded"},
                        "timeout": {"value": "05:30:09 PM", "remarks": "Manually Modified"},
                        "rulesvalidation": []
                    }}],
                "2018-03-03": [
                    {"data":{
                        "timein": {"value": "07:45:24 AM", "remarks": "System Recorded"},
                        "timeout": {"value": "05:30:09 PM", "remarks": "Manually Modified"},
                        "rulesvalidation": []
                    }}],
                "2018-03-04": [
                    {"data":{
                        "timein": {"value": "07:45:24 AM", "remarks": "System Recorded"},
                        "timeout": {"value": "05:30:09 PM", "remarks": "Manually Modified"},
                        "rulesvalidation": []
                    }}],
                "2018-03-05": [
                    {"data":{
                        "timein": {"value": "07:45:24 AM", "remarks": "System Recorded"},
                        "timeout": {"value": "05:30:09 PM", "remarks": "Manually Modified"},
                        "rulesvalidation": []
                    }}],
                "2018-03-06": [
                    {"data":{
                        "timein": {"value": "07:45:24 AM", "remarks": "System Recorded"},
                        "timeout": {"value": "05:30:09 PM", "remarks": "Manually Modified"},
                        "rulesvalidation": []
                    }}],
                "2018-03-07": [
                    {"data":{
                        "timein": {"value": "07:45:24 AM", "remarks": "System Recorded"},
                        "timeout": {"value": "05:30:09 PM", "remarks": "Manually Modified"},
                        "rulesvalidation": []
                    }}],
                "2018-03-08": [
                    {"data":{
                        "timein": {"value": "07:45:24 AM", "remarks": "System Recorded"},
                        "timeout": {"value": "05:30:09 PM", "remarks": "Manually Modified"},
                        "rulesvalidation": []
                    }}],
                "2018-03-09": [
                    {"data":{
                        "timein": {"value": "07:45:24 AM", "remarks": "System Recorded"},
                        "timeout": {"value": "05:30:09 PM", "remarks": "Manually Modified"},
                        "rulesvalidation": []
                    }}],
                "2018-03-10": [
                    {"data":{
                        "timein": {"value": "07:45:24 AM", "remarks": "System Recorded"},
                        "timeout": {"value": "05:30:09 PM", "remarks": "Manually Modified"},
                        "rulesvalidation": []
                    }}]
            }
        },

        "markingrules": {
            "nodispute": {"key":"nodispute", "color": "green"},
            "dispute": {"key":"withdispute", "color": "red"},
            "modifieddispute": {"key":"nodispute", "color": "blue"}
        },
        "datedisplayformat": "MMM DD YYYY"
    }
}