{
    "flagno": "1",
    "message": "Success!",
    "enabled": true,
    "data":[
        {
            "id": "0001",
            "name": "Default",
            "minovertime":{
                "label": "Minimum Paid Overtime",
                "value": "1 hour",
                "options": ["1 hour", "2 hours", "3 hours", "4 hours", "5 hours"]
            },

            "syncenabled": false,

            "maxovertime":{
                "label": "Maximum Paid Overtime",
                "value": "5 hours",
                "options": ["Unlimited Duration",  "1 hour", "2 hours", "3 hours", "4 hours", "5 hours"]
            },
            
            "rates":{
                "regularworkingday": {
                    "label": "Regular Working Day",
                    "value": "1"
                },
                "regularholiday":{
                    "label": "Regular Holiday",
                    "value": "2"
                },
                "specialholiday":{
                    "label": "Special Holiday",
                    "value": "2"
                },
                "restday":{
                    "label": "Rest Day",
                    "value": "1.3"
                }
            }
        },
        {
            "id": "0002",
            "name": "OT 1",
            "minovertime":{
                "label": "Minimum Paid Overtime",
                "value": "2 hour",
                "options": ["1 hour", "2 hours", "3 hours", "4 hours", "5 hours"]
            },

            "syncenabled": false,
            
            "maxovertime":{
                "label": "Maximum Paid Overtime",
                "value": "5 hours",
                "options": ["Unlimited Duration",  "1 hour", "2 hours", "3 hours", "4 hours", "5 hours"]
            },
            
            "rates":{
                "regularworkingday": {
                    "label": "Regular Working Day",
                    "value": "1"
                },
                "regularholiday":{
                    "label": "Regular Holiday",
                    "value": "2"
                },
                "specialholiday":{
                    "label": "Special Holiday",
                    "value": "1.3"
                },
                "restday":{
                    "label": "Rest Day",
                    "value": "1.3"
                }
            }
        },
        {
            "id": "0003",
            "name": "OT2",
            "minovertime":{
                "label": "Minimum Paid Overtime",
                "value": "3 hour",
                "options": ["1 hour", "2 hours", "3 hours", "4 hours", "5 hours"]
            },

            "syncenabled": true,

            "maxovertime":{
                "label": "Maximum Paid Overtime",
                "value": "5 hours",
                "options": ["Unlimited Duration",  "1 hour", "2 hours", "3 hours", "4 hours", "5 hours"]
            },
            
            "rates":{
                "regularworkingday": {
                    "label": "Regular Working Day",
                    "value": "1"
                },
                "regularholiday":{
                    "label": "Regular Holiday",
                    "value": "2"
                },
                "specialholiday":{
                    "label": "Special Holiday",
                    "value": "1.3"
                },
                "restday":{
                    "label": "Rest Day",
                    "value": "1.3"
                }
            }
        }
    ],

    "default":{
        "id": "0001",
        "name": "Default",
        "minovertime":{
            "label": "Minimum Paid Overtime",
            "value": "1 hour",
            "options": ["1 hour", "2 hours", "3 hours", "4 hours", "5 hours"]
        },

        "syncenabled": true,
        
        "maxovertime":{
            "label": "Maximum Paid Overtime",
            "value": "5 hours",
            "options": ["Unlimited Duration",  "1 hour", "2 hours", "3 hours", "4 hours", "5 hours"]
        },
        
        "rates":{
            "regularworkingday": {
                "label": "Regular Working Day",
                "value": "1"
            },
            "regularholiday":{
                "label": "Regular Holiday",
                "value": "2"
            },
            "specialholiday":{
                "label": "Special Holiday",
                "value": "1.3"
            },
            "restday":{
                "label": "Rest Day",
                "value": "1.3"
            }
        }
    },

    "standardrates": {
        "regularworkingday": "1",
        "regularholiday": "2",
        "specialholiday": "1.3",
        "restday": "1.3"
    }
}