{
    "id": "1",
    "leaves":
        [
            
        ]
}