{
    "flagno": "1",
    "message": "Success!",
    "government": {
        "enabled": true,
        "description": {
            "enabled": "when Government Benefits is turned on, the system will automatically deduct an amount from employee's pay as an Employee's Contribution.",
            "disabled": "when Government Benefits is turned off, the system will NOT deduct for any employee's benefits contribution."
        },
        "data": [
            {
                "id": "0001",
                "enabled": true,
                "name": "SSS",
                "compid": "123456789"
            },
            {
                "id": "0002",
                "enabled": true,
                "name": "PAGIBIG",
                "compid": "987654321"
            },
            {
                "id": "0003",
                "enabled": true,
                "name": "PHILHEALTH",
                "compid": "456123789"
            }
        ]
    },
    "company": {
        "enabled": true,
        "description": {
            "enabled": "when Company Benefits is turned on, the system will allow the employer to add De Minimis Benefits that can be assigned to its employees and will be added to the employee's pay as an allowance.",
            "disabled": "when Company Benefits is turned off, the system will NOT add any De Minimis Benefits to any of its employees."
        },
        "data": [
            {
                "id": "0004",
                "name": "Clothing Allowance",
                "amountpermonth": "200",
                "scheme": {
                    "value": "Last Pay of the Month",
                    "options": ["First Pay of the Month", "Last Pay of the Month"]
                }
            },
            {
                "id": "0005",
                "name": "Laundry Allowance",
                "amountpermonth": "100",
                "scheme": {
                    "value": "Last Pay of the Month",
                    "options": ["First Pay of the Month", "Last Pay of the Month"]
                }
            },
            {
                "id": "0006",
                "name": "Management Allowance",
                "amountpermonth": "300",
                "scheme": {
                    "value": "Last Pay of the Month",
                    "options": ["First Pay of the Month", "Last Pay of the Month"]
                }
            },
            {
                "id": "0007",
                "name": "Medical Allowance",
                "amountpermonth": "100",
                "scheme": {
                    "value": "Last Pay of the Month",
                    "options": ["First Pay of the Month", "Last Pay of the Month"]
                }
            },
            {
                "id": "0008",
                "name": "Rice Alowance",
                "amountpermonth": "250",
                "scheme": {
                    "value": "Last Pay of the Month",
                    "options": ["First Pay of the Month", "Last Pay of the Month"]
                }
            }
        ]
    }
}





