{
    "flagno": 1,
    "message": "Successfully Generated March 31, 2018 Payroll for period March 11, 2018 - March 25, 2018.",
    "payroll": {
        "progress": "10%",
        "iscomplete": false
    }
}